../Core/Src/main.c:156:5:main	8	static
../Core/Src/main.c:212:6:SystemClock_Config	88	static
../Core/Src/main.c:259:13:MX_USART2_UART_Init	8	static
../Core/Src/main.c:292:13:MX_GPIO_Init	48	static
../Core/Src/main.c:420:1:__io_putchar	16	static
../Core/Src/main.c:428:6:HAL_GPIO_EXTI_Callback	24	static
../Core/Src/main.c:515:20:putToQueue	24	static
../Core/Src/main.c:552:9:transformData	24	static
../Core/Src/main.c:564:20:sendFromQueue	32	static
../Core/Src/main.c:592:6:HAL_UART_RxCpltCallback	16	static
../Core/Src/main.c:604:6:unpackDataLED	16	static
../Core/Src/main.c:619:6:updateLEDOutput	16	static
../Core/Src/main.c:639:6:updateLeds	8	static
../Core/Src/main.c:652:6:turnOffLED	16	static
../Core/Src/main.c:665:20:readDatabuttons	32	static
../Core/Src/main.c:697:6:Error_Handler	4	static,ignoring_inline_asm
